// Jest Snapshot v1, https://goo.gl/fbAQLP

exports[`Settings reducer Shared capacity 1`] = `
Object {
  "sharedCapacity": 50,
  "tmp": Object {},
}
`;
