// Jest Snapshot v1, https://goo.gl/fbAQLP

exports[`Temporarily reducer shared capacity 1`] = `
Object {
  "sharedCapacity": 100,
}
`;
