// Jest Snapshot v1, https://goo.gl/fbAQLP

exports[`Ticket block declaration register the ticket block 1`] = `
Object {
  "attributes": Object {},
  "category": "tribe-tickets",
  "description": "Basic ticket functionality",
  "edit": [Function],
  "icon": [Function],
  "id": "event-tickets",
  "keywords": Array [
    "event",
    "events-gutenberg",
    "tribe",
  ],
  "save": [Function],
  "supports": Object {
    "html": false,
  },
  "title": "Event Tickets",
}
`;
