// Jest Snapshot v1, https://goo.gl/fbAQLP

exports[`Fields reducer Add a new block inside of the reducer 1`] = `
Object {
  "allIds": Array [
    "Website",
  ],
  "byId": Object {
    "Website": Object {
      "dividerEnd": "",
      "dividerList": "",
      "isPristine": true,
      "name": "Website",
      "options": Array [],
      "type": "",
      "value": "",
    },
  },
}
`;

exports[`Fields reducer Add a new block inside of the reducer 2`] = `
Object {
  "allIds": Array [
    "Website",
  ],
  "byId": Object {
    "Website": Object {
      "dividerEnd": "",
      "dividerList": "",
      "isPristine": true,
      "name": "Website",
      "options": Array [],
      "type": "",
      "value": "",
    },
  },
}
`;

exports[`Fields reducer Remove an existing block from the reducer 1`] = `
Object {
  "allIds": Array [],
  "byId": Object {},
}
`;
