// Jest Snapshot v1, https://goo.gl/fbAQLP

exports[`HOC - With Store Should add the store property 1`] = `
<div
  store={Object {}}
/>
`;
