// Jest Snapshot v1, https://goo.gl/fbAQLP

exports[`Exception Selectors getExceptions 1`] = `
Array [
  Object {
    "type": "single",
  },
]
`;

exports[`Exception Selectors getTypeOption 1`] = `
Object {
  "label": "Single Exception",
  "value": "single",
}
`;
